eo =                                                            ! =,  !
^Ahello, world!^M^J^A                                           ! ^A,  !
ex                                                              ! ex,  !
eo =                                                            ! =,  !
erhello.tec`                                                    ! er,  !
a                                                               ! a,  !!
a                                                               ! a,  !!
b =                                                             ! =,  !!
z =                                                             ! =,  !!
ex                                                              ! ex,  !
ek                                                              ! ek,  !
h k                                                             ! k,  !!
ex                                                              ! ex,  !
eiteco32`                                                       ! ei,  !
!TECO.TEC V40.00!                                               ! !,  !!
[0                                                              ! [, 0 !
0 U0                                                            ! U, 0 !
0,0 X0                                                          ! X, 0 !
[1                                                              ! [, 1 !
0 U1                                                            ! U, 1 !
0,0 X1                                                          ! X, 1 !
[2                                                              ! [, 2 !
0 U2                                                            ! U, 2 !
0,0 X2                                                          ! X, 2 !
[3                                                              ! [, 3 !
0 U3                                                            ! U, 3 !
0,0 X3                                                          ! X, 3 !
[4                                                              ! [, 4 !
0 U4                                                            ! U, 4 !
0,0 X4                                                          ! X, 4 !
[5                                                              ! [, 5 !
0 U5                                                            ! U, 5 !
0,0 X5                                                          ! X, 5 !
[6                                                              ! [, 6 !
0 U6                                                            ! U, 6 !
0,0 X6                                                          ! X, 6 !
[7                                                              ! [, 7 !
0 U7                                                            ! U, 7 !
0,0 X7                                                          ! X, 7 !
[8                                                              ! [, 8 !
0 U8                                                            ! U, 8 !
0,0 X8                                                          ! X, 8 !
[9                                                              ! [, 9 !
0 U9                                                            ! U, 9 !
0,0 X9                                                          ! X, 9 !
[9                                                              ! [, 9 !
0,0 X9                                                          ! X, 9 !
[0                                                              ! [, 0 !
0,0 X0                                                          ! X, 0 !
[2                                                              ! [, 2 !
0,0 X2                                                          ! X, 2 !
10 U0                                                           ! U, 0 !
[0                                                              ! [, 0 !
^D                                                              ! ^D,  !
^X U0                                                           ! U, 0 !
[0                                                              ! [, 0 !
0 ^X                                                            ! ^X,  !
ED U0                                                           ! U, 0 !
[0                                                              ! [, 0 !
ED&4 ED                                                         ! ED,  !
EU U0                                                           ! U, 0 !
[0                                                              ! [, 0 !
-1 EU                                                           ! EU,  !
ES U0                                                           ! U, 0 !
[0                                                              ! [, 0 !
0 ES                                                            ! ES,  !
ET U0                                                           ! U, 0 !
[0                                                              ! [, 0 !
32768#32#8#1,0 ET                                               ! ET,  !
Q1 U0                                                           ! U, 0 !
0 U1                                                            ! U, 1 !
[1                                                              ! [, 1 !
0,0 X1                                                          ! X, 1 !
-1EJ-4 "E                                                       ! "E,  !
    QZ#Z :"E                                                    ! :"E,  !
        -1 ^X                                                   ! ^X,  !!
        G_                                                      ! G, _ !!
        J                                                       ! J,  !!!
        :FSdcl  teco`TECO`                                      ! FS,  !!
        "U                                                      ! "U,  !!
            H K                                                 ! K,  !!!
        '                                                       ! ',  !!!
        :S `                                                    ! :S,  !!
        J                                                       ! J,  !!!
        0 ^X                                                    ! ^X,  !!
    '                                                           ! ',  !!!
'                                                               ! ',  !!!
Q0+1 "E                                                         ! "E,  !!
    32768 U0                                                    ! U, 0 !!
'                                                               ! ',  !!!
32768 "E                                                        ! "E,  !!
    :EITECO`                                                    ! :EI,  !
    "S                                                          ! "S,  !!
        ]1                                                      ! ], 1 !!
        Q0#32768 U1                                             ! U, 1 !!
        [1                                                      ! [, 1 !!
        J                                                       ! J,  !!!
        ODONE`                                                  ! O,  !!!
    '                                                           ! ',  !!!
'                                                               ! ',  !!!
Z "E                                                            ! "E,  !!
    GZ                                                          ! G, Z !!
    0,0 XZ                                                      ! X, Z !!
'                                                               ! ',  !!!
J                                                               ! J,  !!!
:FS^ES``                                                        ! FS,  !!
:FSTECO32`TECO`                                                 ! FS,  !!
Z J                                                             ! J,  !!!
- :S^ES`                                                        ! :S,  !!
"S                                                              ! "S,  !!
    .-Z "E                                                      ! "E,  !!
        FR`                                                     ! FR`,  !
    '                                                           ! ',  ! !
'                                                               ! ',  ! !
Z "E                                                            ! "E,  !!
    ODONE`                                                      ! O,  !!!
'                                                               ! ',  !!!
Q0&32767 U1                                                     ! U, 1 !!
0,0 X1                                                          ! X, 1 !!
0,0 X9                                                          ! X, 9 !!
J                                                               ! J,  !!!
:FS^ES/NOI``                                                    ! :FS,  !
"S                                                              ! "S,  !!
    O/NOINI`                                                    ! O,  !!!
'                                                               ! ',  !!!
J                                                               ! J,  !!!
:FS/NOI``                                                       ! :FS,  !
"S                                                              ! "S,  !!
    !/NOINI!                                                    ! !,  !!!
    :FSN``                                                      ! FS,  !!
    "S                                                          ! "S,  !!
        :FSI``                                                  ! FS,  !!
    '                                                           ! ',  !!!
    :FS^ES``                                                    ! FS,  !!
    "S                                                          ! "S,  !!
        0A "A                                                   ! "A,  !!
            I `                                                 ! I,  !!!
        '                                                       ! ',  !!!
    '                                                           ! ',  !!!
    Q1#4096 U1                                                  ! U, 1 !!
'                                                               ! ',  !!!
Q1&4096 "E                                                      ! "E,  !!
    H X0                                                        ! X, 0 !!
    H K                                                         ! K,  !!!
    EP                                                          ! EP,  !!
    EA                                                          ! EA,  !!
    EF                                                          ! EF,  !!
    :EGINI`                                                     ! :EG,  !
    "S                                                          ! "S,  !!
        G*                                                      ! G, * !!
        J                                                       ! J,  !!!
        :FS$``                                                  ! FS,  !!
        "S                                                      ! "S,  !!
            H X1                                                ! X, 1 !!
            H K                                                 ! K,  !!!
            :ER^EQ1`                                            ! :ER,  !
            "S                                                  ! "S,  !!
                Y                                               ! Y,  !!!
                H X1                                            ! X, 1 !!
                H K                                             ! K,  !!!
                EC                                              ! EC,  !!
                G1                                              ! G, 1 !!
            |                                                   ! |,  !!!
                ^A%Can't find initialization file "^A           ! ^A,  !!
                :G1                                             ! :G, 1 !
                ^A"^M^J^A                                       ! ^A,  !!
            '                                                   ! ',  !!!
        '                                                       ! ',  !!!
        0,0 X1                                                  ! X, 1 !!
    |                                                           ! |,  !!!
        0,0 X1                                                  ! X, 1 !!
        -1EJ-5*-1EJ-1024 "E                                     ! "E,  !!
            EN[]*.*`                                            ! EN,  !!
            :EN`                                                ! :EN`,  !
            "S                                                  ! "S,  ! !
                G*                                              ! G, * ! !
                J                                               ! J,  !! !
                S[`                                             ! S,  !! !
                R                                               ! R,  !! !
                0 K                                             ! K,  !! !
                FS.`]`                                          ! FS,  ! !
                J                                               ! J,  !! !
                S]`                                             ! S,  !! !
                0,. X1                                          ! X, 1 ! !
                H K                                             ! K,  !! !
            '                                                   ! ',  !! !
        '                                                       ! ',  !! !
        :ER^EQ1TECO.INI`                                        ! :ER,  !!
        "S                                                      ! "S,  !!!
            Y                                                   ! Y,  !!!!
            H X9                                                ! X, 9 !!!
            H K                                                 ! K,  !!!!
            EC                                                  ! EC,  !!!
            G9                                                  ! G, 9 !!!
            0,0 X9                                              ! X, 9 !!!
        '                                                       ! ',  !!!!
    '                                                           ! ',  !!!!
    ER`                                                         ! ER`,  !!
    EW`                                                         ! EW`,  !!
    Z "N                                                        ! "N,  !!!
        Z J                                                     ! J,  !!!!
        . U0                                                    ! U, 0 !!!
        G1                                                      ! G, 1 !!!
        I=`                                                     ! I,  !!!!
        G0                                                      ! G, 0 !!!
        Q0 J                                                    ! J,  !!!!
        Z X9                                                    ! X, 9 !!!
        Z K                                                     ! K,  !!!!
        ]1                                                      ! ], 1 !!!
        ]0                                                      ! ], 0 !!!
        Q0 ET                                                   ! ET,  !!!
        ]0                                                      ! ], 0 !!!
        Q0 ES                                                   ! ES,  !!!
        ]0                                                      ! ], 0 !!!
        Q0 EU                                                   ! EU,  !!!
        ]0                                                      ! ], 0 !!!
        Q0 ED                                                   ! ED,  !!!
        ]0                                                      ! ], 0 !!!
        Q0 ^X                                                   ! ^X,  !!!
        ]0                                                      ! ], 0 !!!
        Q0 ^R                                                   ! ^R,  !!!
        ]2                                                      ! ], 2 !!!
        H X0                                                    ! X, 0 !!!
        H K                                                     ! K,  !!!!
        G9                                                      ! G, 9 !!!
        J                                                       ! J,  !!!!
        S=`                                                     ! S,  !!!!
        0,.-1 X9                                                ! X, 9 !!!
        0,. K                                                   ! K,  !!!!
        M0                                                      ! M, 0 !!!
        +0 U9                                                   ! U, 9 !!!
        0,0 X0                                                  ! X, 0 !!!
        [2                                                      ! [, 2 !!!
        0,0 X2                                                  ! X, 2 !!!
        10 U0                                                   ! U, 0 !!!
        [0                                                      ! [, 0 !!!
        ^D                                                      ! ^D,  !!!
        ^X U0                                                   ! U, 0 !!!
        [0                                                      ! [, 0 !!!
        0 ^X                                                    ! ^X,  !!!
        ED U0                                                   ! U, 0 !!!
        [0                                                      ! [, 0 !!!
        ED&4 ED                                                 ! ED,  !!!
        EU U0                                                   ! U, 0 !!!
        [0                                                      ! [, 0 !!!
        -1 EU                                                   ! EU,  !!!
        ES U0                                                   ! U, 0 !!!
        [0                                                      ! [, 0 !!!
        0 ES                                                    ! ES,  !!!
        ET U0                                                   ! U, 0 !!!
        [0                                                      ! [, 0 !!!
        32768#32#8#1,0 ET                                       ! ET,  !!!
        [1                                                      ! [, 1 !!!
        G9                                                      ! G, 9 !!!
        ^Y X1                                                   ! X, 1 !!!
        ^Y K                                                    ! K,  !!!!
        0,0 X9                                                  ! X, 9 !!!
        Q9 U1                                                   ! U, 1 !!!
        J                                                       ! J,  !!!!
        :FS^ES``                                                ! FS,  !!!
        Z J                                                     ! J,  !!!!
        - :S^ES`                                                ! :S,  !!!
        "S                                                      ! "S,  !!!
            .-Z "E                                              ! "E,  !!!
                FR`                                             ! FR`,  !!
            '                                                   ! ',  ! !!
        '                                                       ! ',  ! !!
        Z "E                                                    ! "E,  !!!
            OSCOPES`                                            ! O,  !!!!
        '                                                       ! ',  !!!!
    |                                                           ! |,  !!!!
        G0                                                      ! G, 0 !!!
    '                                                           ! ',  !!!!
'                                                               ! ',  !!!!
J                                                               ! J,  !!!!
:FS^ES/NOM``                                                    ! :FS,  !!
"S                                                              ! "S,  !!!
    O/NOMEMORY`                                                 ! O,  !!!!
'                                                               ! ',  !!!!
J                                                               ! J,  !!!!
:FS/NOM``                                                       ! :FS,  !!
"S                                                              ! "S,  !!!
    !/NOMEMORY!                                                 ! !,  !!!!
    :FSE``                                                      ! FS,  !!!
    "S                                                          ! "S,  !!!
        :FSM``                                                  ! FS,  !!!
        "S                                                      ! "S,  !!!
            :FSO``                                              ! FS,  !!!
            "S                                                  ! "S,  !!!
                :FSR``                                          ! FS,  !!!
                "S                                              ! "S,  !!!
                    :FSY``                                      ! FS,  !!!
                '                                               ! ',  !!!!
            '                                                   ! ',  !!!!
        '                                                       ! ',  !!!!
    '                                                           ! ',  !!!!
    :FS^ES``                                                    ! FS,  !!!
    "S                                                          ! "S,  !!!
        0A "A                                                   ! "A,  !!!
            I `                                                 ! I,  !!!!
        '                                                       ! ',  !!!!
    '                                                           ! ',  !!!!
    Q1#4 U1                                                     ! U, 1 !!!
'                                                               ! ',  !!!!
J                                                               ! J,  !!!!
:FS^ES/NOC``                                                    ! :FS,  !!
"S                                                              ! "S,  !!!
    O/NOCREATE`                                                 ! O,  !!!!
'                                                               ! ',  !!!!
J                                                               ! J,  !!!!
:FS/NOC``                                                       ! :FS,  !!
"S                                                              ! "S,  !!!
    !/NOCREATE!                                                 ! !,  !!!!
    :FSR``                                                      ! FS,  !!!
    "S                                                          ! "S,  !!!
        :FSE``                                                  ! FS,  !!!
        "S                                                      ! "S,  !!!
            :FSA``                                              ! FS,  !!!
            "S                                                  ! "S,  !!!
                :FST``                                          ! FS,  !!!
                "S                                              ! "S,  !!!
                    :FSE``                                      ! FS,  !!!
                '                                               ! ',  !!!!
            '                                                   ! ',  !!!!
        '                                                       ! ',  !!!!
    '                                                           ! ',  !!!!
    :FS^ES``                                                    ! FS,  !!!
    "S                                                          ! "S,  !!!
        0A "A                                                   ! "A,  !!!
            I `                                                 ! I,  !!!!
        '                                                       ! ',  !!!!
    '                                                           ! ',  !!!!
    Q1#256 U1                                                   ! U, 1 !!!
'                                                               ! ',  !!!!
-1EJ-4 "N                                                       ! "N,  !!!
    J                                                           ! J,  !!!!
    :STE`                                                       ! S,  !!!!
    "S                                                          ! "S,  !!!
        <                                                       ! <,  !!!!
            0A "A                                               ! "A,  !!!
                C                                               ! C,  !!!!
            >                                                   ! >,  !!!!
        '                                                       ! ',  !!!!
        :S^ES@`                                                 ! S,  !!!!
        "S                                                      ! "S,  !!!
            0 K                                                 ! K,  !!!!
            IMUNG `                                             ! I,  !!!!
        '                                                       ! ',  !!!!
    '                                                           ! ',  !!!!
'                                                               ! ',  !!!!
J                                                               ! J,  !!!!
:FSMU``                                                         ! FS,  !!!
"S                                                              ! "S,  !!!
    <                                                           ! <,  !!!!
        0A "A                                                   ! "A,  !!!
            D                                                   ! D,  !!!!
        >                                                       ! >,  !!!!
    '                                                           ! ',  !!!!
    :FS^ES``                                                    ! FS,  !!!
    -1EJ-5*-1EJ-1024 "E                                         ! "E,  !!!
        J                                                       ! J,  !!!!
        :FS"``                                                  ! FS,  !!!
        "S                                                      ! "S,  !!!
            :FS^ES``                                            ! FS,  !!!
        '                                                       ! ',  !!!!
    '                                                           ! ',  !!!!
    Z U0                                                        ! U, 0 !!!
    J                                                           ! J,  !!!!
    :S/`                                                        ! :S,  !!!
    "S                                                          ! "S,  !!!
        R                                                       ! R,  !!!!
        .-Q0 "L                                                 ! "L,  !!!
            . U0                                                ! U, 0 !!!
        '                                                       ! ',  !!!!
    '                                                           ! ',  !!!!
    J                                                           ! J,  !!!!
    :S^ES`                                                      ! :S,  !!!
    "S                                                          ! "S,  !!!
        .-Q0 "L                                                 ! "L,  !!!
            . U0                                                ! U, 0 !!!
        '                                                       ! ',  !!!!
    '                                                           ! ',  !!!!
    J                                                           ! J,  !!!!
    <                                                           ! <,  !!!!
        S,`                                                     ! S,  !!!!
        ;                                                       ! ;,  !!!!
        . U1                                                    ! U, 1 !!!
        Q1-1 J                                                  ! J,  !!!!
        - :S[`                                                  ! :S,  !!!
        "S                                                      ! "S,  !!!
            :S]`                                                ! :S,  !!!
            "S                                                  ! "S,  !!!
                .-Q1 "G                                         ! "G,  !!!
                    F<                                          ! F<,  !!!
                '                                               ! ',  !!!!
            '                                                   ! ',  !!!!
        '                                                       ! ',  !!!!
        Q1-1 J                                                  ! J,  !!!!
        - :S<`                                                  ! :S,  !!!
        "S                                                      ! "S,  !!!
            :S>`                                                ! :S,  !!!
            "S                                                  ! "S,  !!!
                .-Q1 "G                                         ! "G,  !!!
                    F<                                          ! F<,  !!!
                '                                               ! ',  !!!!
            '                                                   ! ',  !!!!
        '                                                       ! ',  !!!!
        Q1-1 J                                                  ! J,  !!!!
        - :S(`                                                  ! :S,  !!!
        "S                                                      ! "S,  !!!
            :S)`                                                ! :S,  !!!
            "S                                                  ! "S,  !!!
                .-Q1 "G                                         ! "G,  !!!
                    F<                                          ! F<,  !!!
                '                                               ! ',  !!!!
            '                                                   ! ',  !!!!
        '                                                       ! ',  !!!!
        Q1-1 J                                                  ! J,  !!!!
        .-1-Q0 "L                                               ! "L,  !!!
            D                                                   ! D,  !!!!
            . U0                                                ! U, 0 !!!
        '                                                       ! ',  !!!!
        0 ;                                                     ! ;,  !!!!
    >                                                           ! >,  !!!!
    Q0 J                                                        ! J,  !!!!
    <                                                           ! <,  !!!!
        -. ;                                                    ! ;,  !!!!
        -1A-32 "N                                               ! "N,  !!!
            -1A-9 "N                                            ! "N,  !!!
                0 ;                                             ! ;,  !!!!
            '                                                   ! ',  !!!!
        '                                                       ! ',  !!!!
        - D                                                     ! D,  !!!!
    >                                                           ! >,  !!!!
    0,. X0                                                      ! X, 0 !!!
    :S^ES`                                                      ! S,  !!!!
    0,. K                                                       ! K,  !!!!
    Q0 :"E                                                      ! :"E,  !!
        ^A?How can I MUNG nothing?^M^J^A                        ! ^A,  !!!
        ^C                                                      ! ^C,  !!!
        ^C                                                      ! ^C,  !!!
    '                                                           ! ',  !!!!
    EI^EQ0`                                                     ! EI,  !!!
    J                                                           ! J,  !!!!
    ODONE`                                                      ! O,  !!!!
'                                                               ! ',  !!!!
J                                                               ! J,  !!!!
:FS^ES/GT``                                                     ! :FS,  !!
"S                                                              ! "S,  !!!
    O/GTEDIT`                                                   ! O,  !!!!
'                                                               ! ',  !!!!
J                                                               ! J,  !!!!
:FS/GT``                                                        ! :FS,  !!
"S                                                              ! "S,  !!!
    !/GTEDIT!                                                   ! !,  !!!!
    :FSE``                                                      ! FS,  !!!
    "S                                                          ! "S,  !!!
        :FSD``                                                  ! FS,  !!!
        "S                                                      ! "S,  !!!
            :FSI``                                              ! FS,  !!!
            "S                                                  ! "S,  !!!
                :FST``                                          ! FS,  !!!
            '                                                   ! ',  !!!!
        '                                                       ! ',  !!!!
    '                                                           ! ',  !!!!
    :FS^ES``                                                    ! FS,  !!!
    "S                                                          ! "S,  !!!
        0A "A                                                   ! "A,  !!!
            I `                                                 ! I,  !!!!
        '                                                       ! ',  !!!!
    '                                                           ! ',  !!!!
    Q1#64 U1                                                    ! U, 1 !!!
'                                                               ! ',  !!!!
J                                                               ! J,  !!!!
:FS^ES/VT``                                                     ! :FS,  !!
"S                                                              ! "S,  !!!
    O/VTEDIT`                                                   ! O,  !!!!
'                                                               ! ',  !!!!
J                                                               ! J,  !!!!
:FS/VT``                                                        ! :FS,  !!
"S                                                              ! "S,  !!!
    !/VTEDIT!                                                   ! !,  !!!!
    :FSE``                                                      ! FS,  !!!
    "S                                                          ! "S,  !!!
        :FSD``                                                  ! FS,  !!!
        "S                                                      ! "S,  !!!
            :FSI``                                              ! FS,  !!!
            "S                                                  ! "S,  !!!
                :FST``                                          ! FS,  !!!
            '                                                   ! ',  !!!!
        '                                                       ! ',  !!!!
    '                                                           ! ',  !!!!
    :FS:H``                                                     ! FS,  !!!
    "S                                                          ! "S,  !!!
        :FSO``                                                  ! FS,  !!!
        "S                                                      ! "S,  !!!
            :FSL``                                              ! FS,  !!!
            "S                                                  ! "S,  !!!
                :FSD``                                          ! FS,  !!!
            '                                                   ! ',  !!!!
        '                                                       ! ',  !!!!
        Q1#32 U1                                                ! U, 1 !!!
    '                                                           ! ',  !!!!
    :FS:S``                                                     ! FS,  !!!
    "S                                                          ! "S,  !!!
        :FSE``                                                  ! FS,  !!!
        "S                                                      ! "S,  !!!
            :FSE``                                              ! FS,  !!!
            "S                                                  ! "S,  !!!
                :FSA``                                          ! FS,  !!!
                "S                                              ! "S,  !!!
                    :FSL``                                      ! FS,  !!!
                    "S                                          ! "S,  !!!
                        :FSL``                                  ! FS,  !!!
                    '                                           ! ',  !!!!
                '                                               ! ',  !!!!
            '                                                   ! ',  !!!!
        '                                                       ! ',  !!!!
        Q1#16 U1                                                ! U, 1 !!!
    '                                                           ! ',  !!!!
    :FS:H``                                                     ! FS,  !!!
    "S                                                          ! "S,  !!!
        :FSO``                                                  ! FS,  !!!
        "S                                                      ! "S,  !!!
            :FSL``                                              ! FS,  !!!
            "S                                                  ! "S,  !!!
                :FSD``                                          ! FS,  !!!
            '                                                   ! ',  !!!!
        '                                                       ! ',  !!!!
        Q1#32 U1                                                ! U, 1 !!!
    '                                                           ! ',  !!!!
    :FS^ES``                                                    ! FS,  !!!
    "S                                                          ! "S,  !!!
        0A "A                                                   ! "A,  !!!
            I `                                                 ! I,  !!!!
        '                                                       ! ',  !!!!
    '                                                           ! ',  !!!!
    Q1#1 U1                                                     ! U, 1 !!!
'                                                               ! ',  !!!!
J                                                               ! J,  !!!!
:FS^ES/SC``                                                     ! :FS,  !!
"S                                                              ! "S,  !!!
    O/SCROLL`                                                   ! O,  !!!!
'                                                               ! ',  !!!!
J                                                               ! J,  !!!!
:FS/SC``                                                        ! :FS,  !!
"S                                                              ! "S,  !!!
    !/SCROLL!                                                   ! !,  !!!!
    :FSR``                                                      ! FS,  !!!
    "S                                                          ! "S,  !!!
        :FSO``                                                  ! FS,  !!!
        "S                                                      ! "S,  !!!
            :FSL``                                              ! FS,  !!!
            "S                                                  ! "S,  !!!
                :FSL``                                          ! FS,  !!!
            '                                                   ! ',  !!!!
        '                                                       ! ',  !!!!
    '                                                           ! ',  !!!!
    :S:^ED`                                                     ! S,  !!!!
    "S                                                          ! "S,  !!!
        R                                                       ! R,  !!!!
        - D                                                     ! D,  !!!!
        \ U2                                                    ! U, 2 !!!
        FR`                                                     ! FR`,  !!
    |                                                           ! |,  ! !!
        0 U2                                                    ! U, 2 !!!
    '                                                           ! ',  !!!!
    :FS:S``                                                     ! FS,  !!!
    "S                                                          ! "S,  !!!
        :FSE``                                                  ! FS,  !!!
        "S                                                      ! "S,  !!!
            :FSE``                                              ! FS,  !!!
            "S                                                  ! "S,  !!!
                :FSA``                                          ! FS,  !!!
                "S                                              ! "S,  !!!
                    :FSL``                                      ! FS,  !!!
                    "S                                          ! "S,  !!!
                        :FSL``                                  ! FS,  !!!
                    '                                           ! ',  !!!!
                '                                               ! ',  !!!!
            '                                                   ! ',  !!!!
        '                                                       ! ',  !!!!
        Q1#16 U1                                                ! U, 1 !!!
    '                                                           ! ',  !!!!
    :FS^ES``                                                    ! FS,  !!!
    "S                                                          ! "S,  !!!
        0A "A                                                   ! "A,  !!!
            I `                                                 ! I,  !!!!
        '                                                       ! ',  !!!!
    '                                                           ! ',  !!!!
    Q1#128 U1                                                   ! U, 1 !!!
'                                                               ! ',  !!!!
J                                                               ! J,  !!!!
:FSTE``                                                         ! FS,  !!!
"S                                                              ! "S,  !!!
    <                                                           ! <,  !!!!
        0A "A                                                   ! "A,  !!!
            D                                                   ! D,  !!!!
        >                                                       ! >,  !!!!
    '                                                           ! ',  !!!!
    :FS^ES``                                                    ! FS,  !!!
    J                                                           ! J,  !!!!
    :FS^ES/IN``                                                 ! :FS,  !!
    "S                                                          ! "S,  !!!
        O/INSPECT`                                              ! O,  !!!!
    '                                                           ! ',  !!!!
    J                                                           ! J,  !!!!
    :FS/IN``                                                    ! :FS,  !!
    "S                                                          ! "S,  !!!
        !/INSPECT!                                              ! !,  !!!!
        :FSS``                                                  ! FS,  !!!
        "S                                                      ! "S,  !!!
            :FSP``                                              ! FS,  !!!
            "S                                                  ! "S,  !!!
                :FSE``                                          ! FS,  !!!
                "S                                              ! "S,  !!!
                    :FSC``                                      ! FS,  !!!
                    "S                                          ! "S,  !!!
                        :FST``                                  ! FS,  !!!
                    '                                           ! ',  !!!!
                '                                               ! ',  !!!!
            '                                                   ! ',  !!!!
        '                                                       ! ',  !!!!
        :FS^ES``                                                ! FS,  !!!
        "S                                                      ! "S,  !!!
            0A "A                                               ! "A,  !!!
                I `                                             ! I,  !!!!
            '                                                   ! ',  !!!!
        '                                                       ! ',  !!!!
        Q1#2 U1                                                 ! U, 1 !!!
    '                                                           ! ',  !!!!
    J                                                           ! J,  !!!!
    :FS^ES/FI``                                                 ! :FS,  !!
    "S                                                          ! "S,  !!!
        O/FIND`                                                 ! O,  !!!!
    '                                                           ! ',  !!!!
    J                                                           ! J,  !!!!
    :FS/FI``                                                    ! :FS,  !!
    "S                                                          ! "S,  !!!
        !/FIND!                                                 ! !,  !!!!
        :FSN``                                                  ! FS,  !!!
        "S                                                      ! "S,  !!!
            :FSD``                                              ! FS,  !!!
        '                                                       ! ',  !!!!
        :FS^ES``                                                ! FS,  !!!
        "S                                                      ! "S,  !!!
            0A "A                                               ! "A,  !!!
                I `                                             ! I,  !!!!
            '                                                   ! ',  !!!!
        '                                                       ! ',  !!!!
        Q1#8 U1                                                 ! U, 1 !!!
    '                                                           ! ',  !!!!
    J                                                           ! J,  !!!!
    <                                                           ! <,  !!!!
        .-Z ;                                                   ! ;,  !!!!
        0A-9 "E                                                 ! "E,  !!!
            D                                                   ! D,  !!!!
            F<                                                  ! F<,  !!!
        '                                                       ! ',  !!!!
        0A-32 "E                                                ! "E,  !!!
            D                                                   ! D,  !!!!
            F<                                                  ! F<,  !!!
        '                                                       ! ',  !!!!
        C                                                       ! C,  !!!!
        -1A-^^" "E                                              ! "E,  !!!
            :S"`                                                ! :S,  !!!
            "U                                                  ! "U,  !!!
                Z J                                             ! J,  !!!!
            '                                                   ! ',  !!!!
        '                                                       ! ',  !!!!
    >                                                           ! >,  !!!!
    Q1&4#Z "E                                                   ! "E,  !!!
        :EGMEM`                                                 ! :EG,  !!
        "S                                                      ! "S,  !!!
            G*                                                  ! G, * !!!
            J                                                   ! J,  !!!!
            :FS$``                                              ! FS,  !!!
            "S                                                  ! "S,  !!!
                F|                                              ! F|,  !!!
            '                                                   ! ',  !!!!
        |                                                       ! |,  !!!!
            Z "E                                                ! "E,  !!!
                Q1 :"E                                          ! :"E,  !!
                    -1EJ-5*-1EJ-1024 "E                         ! "E,  !!!
                        EN[]*.*`                                ! EN,  !!!
                        :EN`                                    ! :EN`,  !
                        "S                                      ! "S,  ! !
                            G*                                  ! G, * ! !
                            J                                   ! J,  !! !
                            S[`                                 ! S,  !! !
                            R                                   ! R,  !! !
                            0 K                                 ! K,  !! !
                            FS.`]`                              ! FS,  ! !
                            J                                   ! J,  !! !
                            S]`                                 ! S,  !! !
                            0,. X1                              ! X, 1 ! !
                            H K                                 ! K,  !! !
                        '                                       ! ',  !! !
                    '                                           ! ',  !! !
                '                                               ! ',  !! !
                Q9 :"E                                          ! :"E,  !!
                    0EJ+100 \                                   ! \,  ! !!
                    J                                           ! J,  ! !!
                    D                                           ! D,  ! !!
                    G1                                          ! G, 1 !!!
                    ITECF`                                      ! I,  !!!!
                    Z J                                         ! J,  !!!!
                    I.TMP`                                      ! I,  !!!!
                    -1EJ-4 "E                                   ! "E,  !!!
                        I</MODE:#3000`                          ! I,  !!!!
                    |                                           ! |,  !!!!
                        -1EJ-7 "N                               ! "N,  !!!
                            I;1/-CR`                            ! I,  !!!!
                        '                                       ! ',  !!!!
                    '                                           ! ',  !!!!
                    H X9                                        ! X, 9 !!!
                    H K                                         ! K,  !!!!
                '                                               ! ',  !!!!
                G9                                              ! G, 9 !!!
            '                                                   ! ',  !!!!
            H X0                                                ! X, 0 !!!
            H K                                                 ! K,  !!!!
            EP                                                  ! EP,  !!!
            EA                                                  ! EA,  !!!
            EF                                                  ! EF,  !!!
            :ER^EQ0`                                            ! :ER,  !!
            "S                                                  ! "S,  !!!
                Y                                               ! Y,  !!!!
                L                                               ! L,  !!!!
                . "N                                            ! "N,  !!!
                    -1A-10 "E                                   ! "E,  !!!
                        - D                                     ! D,  !!!!
                    '                                           ! ',  !!!!
                '                                               ! ',  !!!!
                . "N                                            ! "N,  !!!
                    -1A-13 "E                                   ! "E,  !!!
                        - D                                     ! D,  !!!!
                    '                                           ! ',  !!!!
                '                                               ! ',  !!!!
                Z K                                             ! K,  !!!!
                H X0                                            ! X, 0 !!!
                H K                                             ! K,  !!!!
                EC                                              ! EC,  !!!
                G0                                              ! G, 0 !!!
            '                                                   ! ',  !!!!
            ER`                                                 ! ER`,  !!
            EW`                                                 ! EW`,  !!
            0,0 X0                                              ! X, 0 !!!
        '                                                       ! ',  !!!!
        J                                                       ! J,  !!!!
        <                                                       ! <,  !!!!
            .-Z ;                                               ! ;,  !!!!
            0A-9 "E                                             ! "E,  !!!
                D                                               ! D,  !!!!
                F<                                              ! F<,  !!!
            '                                                   ! ',  !!!!
            0A-32 "E                                            ! "E,  !!!
                D                                               ! D,  !!!!
                F<                                              ! F<,  !!!
            '                                                   ! ',  !!!!
            C                                                   ! C,  !!!!
            -1A-^^" "E                                          ! "E,  !!!
                :S"`                                            ! :S,  !!!
                "U                                              ! "U,  !!!
                    Z J                                         ! J,  !!!!
                '                                               ! ',  !!!!
            '                                                   ! ',  !!!!
        >                                                       ! >,  !!!!
        J                                                       ! J,  !!!!
        :FS/FI``                                                ! :FS,  !!
        "S                                                      ! "S,  !!!
            :FSN``                                              ! FS,  !!!
            "S                                                  ! "S,  !!!
                :FSD``                                          ! FS,  !!!
            '                                                   ! ',  !!!!
            Q1#8192#8 U1                                        ! U, 1 !!!
        '                                                       ! ',  !!!!
        Z "N                                                    ! "N,  !!!
            Q1#32768#16384 U1                                   ! U, 1 !!!
        '                                                       ! ',  !!!!
    '                                                           ! ',  !!!!
    Q1&16384 "N                                                 ! "N,  !!!
        Q1&2 "E                                                 ! "E,  !!!
            ^AEdi^A                                             ! ^A,  !!!
        |                                                       ! |,  !!!!
            ^AInspec^A                                          ! ^A,  !!!
        '                                                       ! ',  !!!!
        ^Ating file "^A                                         ! ^A,  !!!
        H T                                                     ! T,  !!!!
        ^A"^M^J^A                                               ! ^A,  !!!
    '                                                           ! ',  !!!!
    Z "E                                                        ! "E,  !!!
        Q1&2 "E                                                 ! "E,  !!!
            OSCOPES`                                            ! O,  !!!!
        '                                                       ! ',  !!!!
        ^A?How can I inspect nothing?^M^J^A                     ! ^A,  !!!
        ^C                                                      ! ^C,  !!!
        ^C                                                      ! ^C,  !!!
    '                                                           ! ',  !!!!
    Q1&2 "E                                                     ! "E,  !!!
        J                                                       ! J,  !!!!
        :S=`                                                    ! :S,  !!!
        "S                                                      ! "S,  !!!
            0,.-1 X0                                            ! X, 0 !!!
            0,. K                                               ! K,  !!!!
            Z U0                                                ! U, 0 !!!
            H X2                                                ! X, 2 !!!
            H K                                                 ! K,  !!!!
            Q2 :"N                                              ! :"N,  !!
                :ER^EQ2`                                        ! :ER,  !!
                "U                                              ! "U,  !!!
                    G2                                          ! G, 2 !!!
                    H X0                                        ! X, 0 !!!
                    H K                                         ! K,  !!!!
                    ONOTFND`                                    ! O,  !!!!
                '                                               ! ',  !!!!
            '                                                   ! ',  !!!!
            Q0 :"N                                              ! :"N,  !!
                EW^EQ0`                                         ! EW,  !!!
            '                                                   ! ',  !!!!
            Q0 "N                                               ! "N,  !!!
                Q1#2048 U1                                      ! U, 1 !!!
            '                                                   ! ',  !!!!
            OREMEM`                                             ! O,  !!!!
        '                                                       ! ',  !!!!
    '                                                           ! ',  !!!!
    H X0                                                        ! X, 0 !!!
    H K                                                         ! K,  !!!!
    Q1&2 "E                                                     ! "E,  !!!
        :EB^EQ0`                                                ! :EB,  !!
        "S                                                      ! "S,  !!!
            Q1#2048 U1                                          ! U, 1 !!!
            OREMEM`                                             ! O,  !!!!
        '                                                       ! ',  !!!!
        Q1&256 "N                                               ! "N,  !!!
            Q1&32768 "E                                         ! "E,  !!!
                ONOTFND`                                        ! O,  !!!!
            '                                                   ! ',  !!!!
        '                                                       ! ',  !!!!
        ^A%Can't find file "^A                                  ! ^A,  !!!
        :G0                                                     ! :G, 0 !!
        ^A"^M^J^A                                               ! ^A,  !!!
        Q1&32768 "E                                             ! "E,  !!!
            ^A%Creating new file^M^J^A                          ! ^A,  !!!
            OCREATE`                                            ! O,  !!!!
        |                                                       ! |,  !!!!
            ^A%Ignoring TECO's memory^M^J^A                     ! ^A,  !!!
            Q1#8192 U1                                          ! U, 1 !!!
            0,0 X0                                              ! X, 0 !!!
            OREMEM`                                             ! O,  !!!!
        '                                                       ! ',  !!!!
    '                                                           ! ',  !!!!
    :ER^EQ0`                                                    ! :ER,  !!
    "S                                                          ! "S,  !!!
        Q1#2048 U1                                              ! U, 1 !!!
        OSCOPES`                                                ! O,  !!!!
    '                                                           ! ',  !!!!
    !NOTFND!                                                    ! !,  !!!!
    ^A?Can't find file "^A                                      ! ^A,  !!!
    :G0                                                         ! :G, 0 !!
    ^A"?^M^J^A                                                  ! ^A,  !!!
    ^C                                                          ! ^C,  !!!
    ^C                                                          ! ^C,  !!!
'                                                               ! ',  !!!!
J                                                               ! J,  !!!!
:FSMA``                                                         ! FS,  !!!
"S                                                              ! "S,  !!!
    <                                                           ! <,  !!!!
        0A "A                                                   ! "A,  !!!
            D                                                   ! D,  !!!!
        >                                                       ! >,  !!!!
    '                                                           ! ',  !!!!
    :FS^ES``                                                    ! FS,  !!!
    J                                                           ! J,  !!!!
    <                                                           ! <,  !!!!
        .-Z ;                                                   ! ;,  !!!!
        0A-9 "E                                                 ! "E,  !!!
            D                                                   ! D,  !!!!
            F<                                                  ! F<,  !!!
        '                                                       ! ',  !!!!
        0A-32 "E                                                ! "E,  !!!
            D                                                   ! D,  !!!!
            F<                                                  ! F<,  !!!
        '                                                       ! ',  !!!!
        C                                                       ! C,  !!!!
        -1A-^^" "E                                              ! "E,  !!!
            :S"`                                                ! :S,  !!!
            "U                                                  ! "U,  !!!
                Z J                                             ! J,  !!!!
            '                                                   ! ',  !!!!
        '                                                       ! ',  !!!!
    >                                                           ! >,  !!!!
    Z "E                                                        ! "E,  !!!
        ^A?How can I MAKE nothing?^M^J^A                        ! ^A,  !!!
        ^C                                                      ! ^C,  !!!
        ^C                                                      ! ^C,  !!!
    '                                                           ! ',  !!!!
    Z-4 "E                                                      ! "E,  !!!
        J                                                       ! J,  !!!!
        :SLOVE`                                                 ! S,  !!!!
        "S                                                      ! "S,  !!!
            ^ANot war?^M^J^A                                    ! ^A,  !!!
        '                                                       ! ',  !!!!
    '                                                           ! ',  !!!!
    H X0                                                        ! X, 0 !!!
    H K                                                         ! K,  !!!!
    !CREATE!                                                    ! !,  !!!!
    EW^EQ0`                                                     ! EW,  !!!
    OREMEM`                                                     ! O,  !!!!
'                                                               ! ',  !!!!
^A%Unrecognized command "^A                                     ! ^A,  !!!
H T                                                             ! T,  !!!!
H K                                                             ! K,  !!!!
^A"^M^J^A                                                       ! ^A,  !!!
OSCOPES`                                                        ! O,  !!!!
!REMEM!                                                         ! !,  !!!!
Q1&8192 "N                                                      ! "N,  !!!
    OWRITE`                                                     ! O,  !!!!
'                                                               ! ',  !!!!
ex                                                              ! ex,  !!!
eiteco32`                                                       ! ei,  !
!TECO.TEC V40.00!                                               ! !,  !
[0                                                              ! [, 0 !
0 U0                                                            ! U, 0 !
0,0 X0                                                          ! X, 0 !
[1                                                              ! [, 1 !
0 U1                                                            ! U, 1 !
0,0 X1                                                          ! X, 1 !
[2                                                              ! [, 2 !
0 U2                                                            ! U, 2 !
0,0 X2                                                          ! X, 2 !
[3                                                              ! [, 3 !
0 U3                                                            ! U, 3 !
0,0 X3                                                          ! X, 3 !
[4                                                              ! [, 4 !
0 U4                                                            ! U, 4 !
0,0 X4                                                          ! X, 4 !
[5                                                              ! [, 5 !
0 U5                                                            ! U, 5 !
0,0 X5                                                          ! X, 5 !
[6                                                              ! [, 6 !
0 U6                                                            ! U, 6 !
0,0 X6                                                          ! X, 6 !
[7                                                              ! [, 7 !
0 U7                                                            ! U, 7 !
0,0 X7                                                          ! X, 7 !
[8                                                              ! [, 8 !
0 U8                                                            ! U, 8 !
0,0 X8                                                          ! X, 8 !
[9                                                              ! [, 9 !
0 U9                                                            ! U, 9 !
0,0 X9                                                          ! X, 9 !
[9                                                              ! [, 9 !
0,0 X9                                                          ! X, 9 !
[0                                                              ! [, 0 !
0,0 X0                                                          ! X, 0 !
[2                                                              ! [, 2 !
0,0 X2                                                          ! X, 2 !
10 U0                                                           ! U, 0 !
[0                                                              ! [, 0 !
^D                                                              ! ^D,  !
^X U0                                                           ! U, 0 !
[0                                                              ! [, 0 !
0 ^X                                                            ! ^X,  !
ED U0                                                           ! U, 0 !
[0                                                              ! [, 0 !
ED&4 ED                                                         ! ED,  !
EU U0                                                           ! U, 0 !
[0                                                              ! [, 0 !
-1 EU                                                           ! EU,  !
ES U0                                                           ! U, 0 !
[0                                                              ! [, 0 !
0 ES                                                            ! ES,  !
ET U0                                                           ! U, 0 !
[0                                                              ! [, 0 !
32768#32#8#1,0 ET                                               ! ET,  !
Q1 U0                                                           ! U, 0 !
0 U1                                                            ! U, 1 !
[1                                                              ! [, 1 !
0,0 X1                                                          ! X, 1 !
-1EJ-4 "E                                                       ! "E,  !
    QZ#Z :"E                                                    ! :"E,  !
        -1 ^X                                                   ! ^X,  !
        G_                                                      ! G, _ !
        J                                                       ! J,  !
        :FSdcl  teco`TECO`                                      ! FS,  !
        "U                                                      ! "U,  !
            H K                                                 ! K,  !
        '                                                       ! ',  !
        :S `                                                    ! :S,  !
        J                                                       ! J,  !
        0 ^X                                                    ! ^X,  !
    '                                                           ! ',  !
'                                                               ! ',  !
Q0+1 "E                                                         ! "E,  !
    32768 U0                                                    ! U, 0 !
'                                                               ! ',  !
32768 "E                                                        ! "E,  !
    :EITECO`                                                    ! :EI,  !
    "S                                                          ! "S,  !
        ]1                                                      ! ], 1 !
        Q0#32768 U1                                             ! U, 1 !
        [1                                                      ! [, 1 !
        J                                                       ! J,  !
        ODONE`                                                  ! O,  !
    '                                                           ! ',  !
'                                                               ! ',  !
Z "E                                                            ! "E,  !
    GZ                                                          ! G, Z !
    0,0 XZ                                                      ! X, Z !
'                                                               ! ',  !
J                                                               ! J,  !
:FS^ES``                                                        ! FS,  !
:FSTECO32`TECO`                                                 ! FS,  !
Z J                                                             ! J,  !
- :S^ES`                                                        ! :S,  !
"S                                                              ! "S,  !
    .-Z "E                                                      ! "E,  !
        FR`                                                     ! FR`,  !
    '                                                           ! ',  !
'                                                               ! ',  !
Z "E                                                            ! "E,  !
    ODONE`                                                      ! O,  !
'                                                               ! ',  !
Q0&32767 U1                                                     ! U, 1 !
0,0 X1                                                          ! X, 1 !
0,0 X9                                                          ! X, 9 !
J                                                               ! J,  !
:FS^ES/NOI``                                                    ! :FS,  !
"S                                                              ! "S,  !
    O/NOINI`                                                    ! O,  !
'                                                               ! ',  !
J                                                               ! J,  !
:FS/NOI``                                                       ! :FS,  !
"S                                                              ! "S,  !
    !/NOINI!                                                    ! !,  !
    :FSN``                                                      ! FS,  !
    "S                                                          ! "S,  !
        :FSI``                                                  ! FS,  !
    '                                                           ! ',  !
    :FS^ES``                                                    ! FS,  !
    "S                                                          ! "S,  !
        0A "A                                                   ! "A,  !
            I `                                                 ! I,  !
        '                                                       ! ',  !
    '                                                           ! ',  !
    Q1#4096 U1                                                  ! U, 1 !
'                                                               ! ',  !
Q1&4096 "E                                                      ! "E,  !
    H X0                                                        ! X, 0 !
    H K                                                         ! K,  !
    EP                                                          ! EP,  !
    EA                                                          ! EA,  !
    EF                                                          ! EF,  !
    :EGINI`                                                     ! :EG,  !
    "S                                                          ! "S,  !
        G*                                                      ! G, * !
        J                                                       ! J,  !
        :FS$``                                                  ! FS,  !
        "S                                                      ! "S,  !
            H X1                                                ! X, 1 !
            H K                                                 ! K,  !
            :ER^EQ1`                                            ! :ER,  !
            "S                                                  ! "S,  !
                Y                                               ! Y,  !
                H X1                                            ! X, 1 !
                H K                                             ! K,  !
                EC                                              ! EC,  !
                G1                                              ! G, 1 !
            |                                                   ! |,  !
                ^A%Can't find initialization file "^A           ! ^A,  !
                :G1                                             ! :G, 1 !
                ^A"^M^J^A                                       ! ^A,  !
            '                                                   ! ',  !
        '                                                       ! ',  !
        0,0 X1                                                  ! X, 1 !
    |                                                           ! |,  !
        0,0 X1                                                  ! X, 1 !
        -1EJ-5*-1EJ-1024 "E                                     ! "E,  !
            EN[]*.*`                                            ! EN,  !
            :EN`                                                ! :EN`,  !
            "S                                                  ! "S,  !
                G*                                              ! G, * !
                J                                               ! J,  !
                S[`                                             ! S,  !
                R                                               ! R,  !
                0 K                                             ! K,  !
                FS.`]`                                          ! FS,  !
                J                                               ! J,  !
                S]`                                             ! S,  !
                0,. X1                                          ! X, 1 !
                H K                                             ! K,  !
            '                                                   ! ',  !
        '                                                       ! ',  !
        :ER^EQ1TECO.INI`                                        ! :ER,  !
        "S                                                      ! "S,  !
            Y                                                   ! Y,  !
            H X9                                                ! X, 9 !
            H K                                                 ! K,  !
            EC                                                  ! EC,  !
            G9                                                  ! G, 9 !
            0,0 X9                                              ! X, 9 !
        '                                                       ! ',  !
    '                                                           ! ',  !
    ER`                                                         ! ER`,  !
    EW`                                                         ! EW`,  !
    Z "N                                                        ! "N,  !
        Z J                                                     ! J,  !
        . U0                                                    ! U, 0 !
        G1                                                      ! G, 1 !
        I=`                                                     ! I,  !
        G0                                                      ! G, 0 !
        Q0 J                                                    ! J,  !
        Z X9                                                    ! X, 9 !
        Z K                                                     ! K,  !
        ]1                                                      ! ], 1 !
        ]0                                                      ! ], 0 !
        Q0 ET                                                   ! ET,  !
        ]0                                                      ! ], 0 !
        Q0 ES                                                   ! ES,  !
        ]0                                                      ! ], 0 !
        Q0 EU                                                   ! EU,  !
        ]0                                                      ! ], 0 !
        Q0 ED                                                   ! ED,  !
        ]0                                                      ! ], 0 !
        Q0 ^X                                                   ! ^X,  !
        ]0                                                      ! ], 0 !
        Q0 ^R                                                   ! ^R,  !
        ]2                                                      ! ], 2 !
        H X0                                                    ! X, 0 !
        H K                                                     ! K,  !
        G9                                                      ! G, 9 !
        J                                                       ! J,  !
        S=`                                                     ! S,  !
        0,.-1 X9                                                ! X, 9 !
        0,. K                                                   ! K,  !
        M0                                                      ! M, 0 !
        +0 U9                                                   ! U, 9 !
        0,0 X0                                                  ! X, 0 !
        [2                                                      ! [, 2 !
        0,0 X2                                                  ! X, 2 !
        10 U0                                                   ! U, 0 !
        [0                                                      ! [, 0 !
        ^D                                                      ! ^D,  !
        ^X U0                                                   ! U, 0 !
        [0                                                      ! [, 0 !
        0 ^X                                                    ! ^X,  !
        ED U0                                                   ! U, 0 !
        [0                                                      ! [, 0 !
        ED&4 ED                                                 ! ED,  !
        EU U0                                                   ! U, 0 !
        [0                                                      ! [, 0 !
        -1 EU                                                   ! EU,  !
        ES U0                                                   ! U, 0 !
        [0                                                      ! [, 0 !
        0 ES                                                    ! ES,  !
        ET U0                                                   ! U, 0 !
        [0                                                      ! [, 0 !
        32768#32#8#1,0 ET                                       ! ET,  !
        [1                                                      ! [, 1 !
        G9                                                      ! G, 9 !
        ^Y X1                                                   ! X, 1 !
        ^Y K                                                    ! K,  !
        0,0 X9                                                  ! X, 9 !
        Q9 U1                                                   ! U, 1 !
        J                                                       ! J,  !
        :FS^ES``                                                ! FS,  !
        Z J                                                     ! J,  !
        - :S^ES`                                                ! :S,  !
        "S                                                      ! "S,  !
            .-Z "E                                              ! "E,  !
                FR`                                             ! FR`,  !
            '                                                   ! ',  !
        '                                                       ! ',  !
        Z "E                                                    ! "E,  !
            OSCOPES`                                            ! O,  !
        '                                                       ! ',  !
    |                                                           ! |,  !
        G0                                                      ! G, 0 !
    '                                                           ! ',  !
'                                                               ! ',  !
J                                                               ! J,  !
:FS^ES/NOM``                                                    ! :FS,  !
"S                                                              ! "S,  !
    O/NOMEMORY`                                                 ! O,  !
'                                                               ! ',  !
J                                                               ! J,  !
:FS/NOM``                                                       ! :FS,  !
"S                                                              ! "S,  !
    !/NOMEMORY!                                                 ! !,  !
    :FSE``                                                      ! FS,  !
    "S                                                          ! "S,  !
        :FSM``                                                  ! FS,  !
        "S                                                      ! "S,  !
            :FSO``                                              ! FS,  !
            "S                                                  ! "S,  !
                :FSR``                                          ! FS,  !
                "S                                              ! "S,  !
                    :FSY``                                      ! FS,  !
                '                                               ! ',  !
            '                                                   ! ',  !
        '                                                       ! ',  !
    '                                                           ! ',  !
    :FS^ES``                                                    ! FS,  !
    "S                                                          ! "S,  !
        0A "A                                                   ! "A,  !
            I `                                                 ! I,  !
        '                                                       ! ',  !
    '                                                           ! ',  !
    Q1#4 U1                                                     ! U, 1 !
'                                                               ! ',  !
J                                                               ! J,  !
:FS^ES/NOC``                                                    ! :FS,  !
"S                                                              ! "S,  !
    O/NOCREATE`                                                 ! O,  !
'                                                               ! ',  !
J                                                               ! J,  !
:FS/NOC``                                                       ! :FS,  !
"S                                                              ! "S,  !
    !/NOCREATE!                                                 ! !,  !
    :FSR``                                                      ! FS,  !
    "S                                                          ! "S,  !
        :FSE``                                                  ! FS,  !
        "S                                                      ! "S,  !
            :FSA``                                              ! FS,  !
            "S                                                  ! "S,  !
                :FST``                                          ! FS,  !
                "S                                              ! "S,  !
                    :FSE``                                      ! FS,  !
                '                                               ! ',  !
            '                                                   ! ',  !
        '                                                       ! ',  !
    '                                                           ! ',  !
    :FS^ES``                                                    ! FS,  !
    "S                                                          ! "S,  !
        0A "A                                                   ! "A,  !
            I `                                                 ! I,  !
        '                                                       ! ',  !
    '                                                           ! ',  !
    Q1#256 U1                                                   ! U, 1 !
'                                                               ! ',  !
-1EJ-4 "N                                                       ! "N,  !
    J                                                           ! J,  !
    :STE`                                                       ! S,  !
    "S                                                          ! "S,  !
        <                                                       ! <,  !
            0A "A                                               ! "A,  !
                C                                               ! C,  !
            >                                                   ! >,  !
        '                                                       ! ',  !
        :S^ES@`                                                 ! S,  !
        "S                                                      ! "S,  !
            0 K                                                 ! K,  !
            IMUNG `                                             ! I,  !
        '                                                       ! ',  !
    '                                                           ! ',  !
'                                                               ! ',  !
J                                                               ! J,  !
:FSMU``                                                         ! FS,  !
"S                                                              ! "S,  !
    <                                                           ! <,  !
        0A "A                                                   ! "A,  !
            D                                                   ! D,  !
        >                                                       ! >,  !
    '                                                           ! ',  !
    :FS^ES``                                                    ! FS,  !
    -1EJ-5*-1EJ-1024 "E                                         ! "E,  !
        J                                                       ! J,  !
        :FS"``                                                  ! FS,  !
        "S                                                      ! "S,  !
            :FS^ES``                                            ! FS,  !
        '                                                       ! ',  !
    '                                                           ! ',  !
    Z U0                                                        ! U, 0 !
    J                                                           ! J,  !
    :S/`                                                        ! :S,  !
    "S                                                          ! "S,  !
        R                                                       ! R,  !
        .-Q0 "L                                                 ! "L,  !
            . U0                                                ! U, 0 !
        '                                                       ! ',  !
    '                                                           ! ',  !
    J                                                           ! J,  !
    :S^ES`                                                      ! :S,  !
    "S                                                          ! "S,  !
        .-Q0 "L                                                 ! "L,  !
            . U0                                                ! U, 0 !
        '                                                       ! ',  !
    '                                                           ! ',  !
    J                                                           ! J,  !
    <                                                           ! <,  !
        S,`                                                     ! S,  !
        ;                                                       ! ;,  !
        . U1                                                    ! U, 1 !
        Q1-1 J                                                  ! J,  !
        - :S[`                                                  ! :S,  !
        "S                                                      ! "S,  !
            :S]`                                                ! :S,  !
            "S                                                  ! "S,  !
                .-Q1 "G                                         ! "G,  !
                    F<                                          ! F<,  !
                '                                               ! ',  !
            '                                                   ! ',  !
        '                                                       ! ',  !
        Q1-1 J                                                  ! J,  !
        - :S<`                                                  ! :S,  !
        "S                                                      ! "S,  !
            :S>`                                                ! :S,  !
            "S                                                  ! "S,  !
                .-Q1 "G                                         ! "G,  !
                    F<                                          ! F<,  !
                '                                               ! ',  !
            '                                                   ! ',  !
        '                                                       ! ',  !
        Q1-1 J                                                  ! J,  !
        - :S(`                                                  ! :S,  !
        "S                                                      ! "S,  !
            :S)`                                                ! :S,  !
            "S                                                  ! "S,  !
                .-Q1 "G                                         ! "G,  !
                    F<                                          ! F<,  !
                '                                               ! ',  !
            '                                                   ! ',  !
        '                                                       ! ',  !
        Q1-1 J                                                  ! J,  !
        .-1-Q0 "L                                               ! "L,  !
            D                                                   ! D,  !
            . U0                                                ! U, 0 !
        '                                                       ! ',  !
        0 ;                                                     ! ;,  !
    >                                                           ! >,  !
    Q0 J                                                        ! J,  !
    <                                                           ! <,  !
        -. ;                                                    ! ;,  !
        -1A-32 "N                                               ! "N,  !
            -1A-9 "N                                            ! "N,  !
                0 ;                                             ! ;,  !
            '                                                   ! ',  !
        '                                                       ! ',  !
        - D                                                     ! D,  !
    >                                                           ! >,  !
    0,. X0                                                      ! X, 0 !
    :S^ES`                                                      ! S,  !
    0,. K                                                       ! K,  !
    Q0 :"E                                                      ! :"E,  !
        ^A?How can I MUNG nothing?^M^J^A                        ! ^A,  !
        ^C                                                      ! ^C,  !
        ^C                                                      ! ^C,  !
    '                                                           ! ',  !
    EI^EQ0`                                                     ! EI,  !
    J                                                           ! J,  !
    ODONE`                                                      ! O,  !
'                                                               ! ',  !
J                                                               ! J,  !
:FS^ES/GT``                                                     ! :FS,  !
"S                                                              ! "S,  !
    O/GTEDIT`                                                   ! O,  !
'                                                               ! ',  !
J                                                               ! J,  !
:FS/GT``                                                        ! :FS,  !
"S                                                              ! "S,  !
    !/GTEDIT!                                                   ! !,  !
    :FSE``                                                      ! FS,  !
    "S                                                          ! "S,  !
        :FSD``                                                  ! FS,  !
        "S                                                      ! "S,  !
            :FSI``                                              ! FS,  !
            "S                                                  ! "S,  !
                :FST``                                          ! FS,  !
            '                                                   ! ',  !
        '                                                       ! ',  !
    '                                                           ! ',  !
    :FS^ES``                                                    ! FS,  !
    "S                                                          ! "S,  !
        0A "A                                                   ! "A,  !
            I `                                                 ! I,  !
        '                                                       ! ',  !
    '                                                           ! ',  !
    Q1#64 U1                                                    ! U, 1 !
'                                                               ! ',  !
J                                                               ! J,  !
:FS^ES/VT``                                                     ! :FS,  !
"S                                                              ! "S,  !
    O/VTEDIT`                                                   ! O,  !
'                                                               ! ',  !
J                                                               ! J,  !
:FS/VT``                                                        ! :FS,  !
"S                                                              ! "S,  !
    !/VTEDIT!                                                   ! !,  !
    :FSE``                                                      ! FS,  !
    "S                                                          ! "S,  !
        :FSD``                                                  ! FS,  !
        "S                                                      ! "S,  !
            :FSI``                                              ! FS,  !
            "S                                                  ! "S,  !
                :FST``                                          ! FS,  !
            '                                                   ! ',  !
        '                                                       ! ',  !
    '                                                           ! ',  !
    :FS:H``                                                     ! FS,  !
    "S                                                          ! "S,  !
        :FSO``                                                  ! FS,  !
        "S                                                      ! "S,  !
            :FSL``                                              ! FS,  !
            "S                                                  ! "S,  !
                :FSD``                                          ! FS,  !
            '                                                   ! ',  !
        '                                                       ! ',  !
        Q1#32 U1                                                ! U, 1 !
    '                                                           ! ',  !
    :FS:S``                                                     ! FS,  !
    "S                                                          ! "S,  !
        :FSE``                                                  ! FS,  !
        "S                                                      ! "S,  !
            :FSE``                                              ! FS,  !
            "S                                                  ! "S,  !
                :FSA``                                          ! FS,  !
                "S                                              ! "S,  !
                    :FSL``                                      ! FS,  !
                    "S                                          ! "S,  !
                        :FSL``                                  ! FS,  !
                    '                                           ! ',  !
                '                                               ! ',  !
            '                                                   ! ',  !
        '                                                       ! ',  !
        Q1#16 U1                                                ! U, 1 !
    '                                                           ! ',  !
    :FS:H``                                                     ! FS,  !
    "S                                                          ! "S,  !
        :FSO``                                                  ! FS,  !
        "S                                                      ! "S,  !
            :FSL``                                              ! FS,  !
            "S                                                  ! "S,  !
                :FSD``                                          ! FS,  !
            '                                                   ! ',  !
        '                                                       ! ',  !
        Q1#32 U1                                                ! U, 1 !
    '                                                           ! ',  !
    :FS^ES``                                                    ! FS,  !
    "S                                                          ! "S,  !
        0A "A                                                   ! "A,  !
            I `                                                 ! I,  !
        '                                                       ! ',  !
    '                                                           ! ',  !
    Q1#1 U1                                                     ! U, 1 !
'                                                               ! ',  !
J                                                               ! J,  !
:FS^ES/SC``                                                     ! :FS,  !
"S                                                              ! "S,  !
    O/SCROLL`                                                   ! O,  !
'                                                               ! ',  !
J                                                               ! J,  !
:FS/SC``                                                        ! :FS,  !
"S                                                              ! "S,  !
    !/SCROLL!                                                   ! !,  !
    :FSR``                                                      ! FS,  !
    "S                                                          ! "S,  !
        :FSO``                                                  ! FS,  !
        "S                                                      ! "S,  !
            :FSL``                                              ! FS,  !
            "S                                                  ! "S,  !
                :FSL``                                          ! FS,  !
            '                                                   ! ',  !
        '                                                       ! ',  !
    '                                                           ! ',  !
    :S:^ED`                                                     ! S,  !
    "S                                                          ! "S,  !
        R                                                       ! R,  !
        - D                                                     ! D,  !
        \ U2                                                    ! U, 2 !
        FR`                                                     ! FR`,  !
    |                                                           ! |,  !
        0 U2                                                    ! U, 2 !
    '                                                           ! ',  !
    :FS:S``                                                     ! FS,  !
    "S                                                          ! "S,  !
        :FSE``                                                  ! FS,  !
        "S                                                      ! "S,  !
            :FSE``                                              ! FS,  !
            "S                                                  ! "S,  !
                :FSA``                                          ! FS,  !
                "S                                              ! "S,  !
                    :FSL``                                      ! FS,  !
                    "S                                          ! "S,  !
                        :FSL``                                  ! FS,  !
                    '                                           ! ',  !
                '                                               ! ',  !
            '                                                   ! ',  !
        '                                                       ! ',  !
        Q1#16 U1                                                ! U, 1 !
    '                                                           ! ',  !
    :FS^ES``                                                    ! FS,  !
    "S                                                          ! "S,  !
        0A "A                                                   ! "A,  !
            I `                                                 ! I,  !
        '                                                       ! ',  !
    '                                                           ! ',  !
    Q1#128 U1                                                   ! U, 1 !
'                                                               ! ',  !
J                                                               ! J,  !
:FSTE``                                                         ! FS,  !
"S                                                              ! "S,  !
    <                                                           ! <,  !
        0A "A                                                   ! "A,  !
            D                                                   ! D,  !
        >                                                       ! >,  !
    '                                                           ! ',  !
    :FS^ES``                                                    ! FS,  !
    J                                                           ! J,  !
    :FS^ES/IN``                                                 ! :FS,  !
    "S                                                          ! "S,  !
        O/INSPECT`                                              ! O,  !
    '                                                           ! ',  !
    J                                                           ! J,  !
    :FS/IN``                                                    ! :FS,  !
    "S                                                          ! "S,  !
        !/INSPECT!                                              ! !,  !
        :FSS``                                                  ! FS,  !
        "S                                                      ! "S,  !
            :FSP``                                              ! FS,  !
            "S                                                  ! "S,  !
                :FSE``                                          ! FS,  !
                "S                                              ! "S,  !
                    :FSC``                                      ! FS,  !
                    "S                                          ! "S,  !
                        :FST``                                  ! FS,  !
                    '                                           ! ',  !
                '                                               ! ',  !
            '                                                   ! ',  !
        '                                                       ! ',  !
        :FS^ES``                                                ! FS,  !
        "S                                                      ! "S,  !
            0A "A                                               ! "A,  !
                I `                                             ! I,  !
            '                                                   ! ',  !
        '                                                       ! ',  !
        Q1#2 U1                                                 ! U, 1 !
    '                                                           ! ',  !
    J                                                           ! J,  !
    :FS^ES/FI``                                                 ! :FS,  !
    "S                                                          ! "S,  !
        O/FIND`                                                 ! O,  !
    '                                                           ! ',  !
    J                                                           ! J,  !
    :FS/FI``                                                    ! :FS,  !
    "S                                                          ! "S,  !
        !/FIND!                                                 ! !,  !
        :FSN``                                                  ! FS,  !
        "S                                                      ! "S,  !
            :FSD``                                              ! FS,  !
        '                                                       ! ',  !
        :FS^ES``                                                ! FS,  !
        "S                                                      ! "S,  !
            0A "A                                               ! "A,  !
                I `                                             ! I,  !
            '                                                   ! ',  !
        '                                                       ! ',  !
        Q1#8 U1                                                 ! U, 1 !
    '                                                           ! ',  !
    J                                                           ! J,  !
    <                                                           ! <,  !
        .-Z ;                                                   ! ;,  !
        0A-9 "E                                                 ! "E,  !
            D                                                   ! D,  !
            F<                                                  ! F<,  !
        '                                                       ! ',  !
        0A-32 "E                                                ! "E,  !
            D                                                   ! D,  !
            F<                                                  ! F<,  !
        '                                                       ! ',  !
        C                                                       ! C,  !
        -1A-^^" "E                                              ! "E,  !
            :S"`                                                ! :S,  !
            "U                                                  ! "U,  !
                Z J                                             ! J,  !
            '                                                   ! ',  !
        '                                                       ! ',  !
    >                                                           ! >,  !
    Q1&4#Z "E                                                   ! "E,  !
        :EGMEM`                                                 ! :EG,  !
        "S                                                      ! "S,  !
            G*                                                  ! G, * !
            J                                                   ! J,  !
            :FS$``                                              ! FS,  !
            "S                                                  ! "S,  !
                F|                                              ! F|,  !
            '                                                   ! ',  !
        |                                                       ! |,  !
            Z "E                                                ! "E,  !
                Q1 :"E                                          ! :"E,  !
                    -1EJ-5*-1EJ-1024 "E                         ! "E,  !
                        EN[]*.*`                                ! EN,  !
                        :EN`                                    ! :EN`,  !
                        "S                                      ! "S,  !
                            G*                                  ! G, * !
                            J                                   ! J,  !
                            S[`                                 ! S,  !
                            R                                   ! R,  !
                            0 K                                 ! K,  !
                            FS.`]`                              ! FS,  !
                            J                                   ! J,  !
                            S]`                                 ! S,  !
                            0,. X1                              ! X, 1 !
                            H K                                 ! K,  !
                        '                                       ! ',  !
                    '                                           ! ',  !
                '                                               ! ',  !
                Q9 :"E                                          ! :"E,  !
                    0EJ+100 \                                   ! \,  !
                    J                                           ! J,  !
                    D                                           ! D,  !
                    G1                                          ! G, 1 !
                    ITECF`                                      ! I,  !
                    Z J                                         ! J,  !
                    I.TMP`                                      ! I,  !
                    -1EJ-4 "E                                   ! "E,  !
                        I</MODE:#3000`                          ! I,  !
                    |                                           ! |,  !
                        -1EJ-7 "N                               ! "N,  !
                            I;1/-CR`                            ! I,  !
                        '                                       ! ',  !
                    '                                           ! ',  !
                    H X9                                        ! X, 9 !
                    H K                                         ! K,  !
                '                                               ! ',  !
                G9                                              ! G, 9 !
            '                                                   ! ',  !
            H X0                                                ! X, 0 !
            H K                                                 ! K,  !
            EP                                                  ! EP,  !
            EA                                                  ! EA,  !
            EF                                                  ! EF,  !
            :ER^EQ0`                                            ! :ER,  !
            "S                                                  ! "S,  !
                Y                                               ! Y,  !
                L                                               ! L,  !
                . "N                                            ! "N,  !
                    -1A-10 "E                                   ! "E,  !
                        - D                                     ! D,  !
                    '                                           ! ',  !
                '                                               ! ',  !
                . "N                                            ! "N,  !
                    -1A-13 "E                                   ! "E,  !
                        - D                                     ! D,  !
                    '                                           ! ',  !
                '                                               ! ',  !
                Z K                                             ! K,  !
                H X0                                            ! X, 0 !
                H K                                             ! K,  !
                EC                                              ! EC,  !
                G0                                              ! G, 0 !
            '                                                   ! ',  !
            ER`                                                 ! ER`,  !
            EW`                                                 ! EW`,  !
            0,0 X0                                              ! X, 0 !
        '                                                       ! ',  !
        J                                                       ! J,  !
        <                                                       ! <,  !
            .-Z ;                                               ! ;,  !
            0A-9 "E                                             ! "E,  !
                D                                               ! D,  !
                F<                                              ! F<,  !
            '                                                   ! ',  !
            0A-32 "E                                            ! "E,  !
                D                                               ! D,  !
                F<                                              ! F<,  !
            '                                                   ! ',  !
            C                                                   ! C,  !
            -1A-^^" "E                                          ! "E,  !
                :S"`                                            ! :S,  !
                "U                                              ! "U,  !
                    Z J                                         ! J,  !
                '                                               ! ',  !
            '                                                   ! ',  !
        >                                                       ! >,  !
        J                                                       ! J,  !
        :FS/FI``                                                ! :FS,  !
        "S                                                      ! "S,  !
            :FSN``                                              ! FS,  !
            "S                                                  ! "S,  !
                :FSD``                                          ! FS,  !
            '                                                   ! ',  !
            Q1#8192#8 U1                                        ! U, 1 !
        '                                                       ! ',  !
        Z "N                                                    ! "N,  !
            Q1#32768#16384 U1                                   ! U, 1 !
        '                                                       ! ',  !
    '                                                           ! ',  !
    Q1&16384 "N                                                 ! "N,  !
        Q1&2 "E                                                 ! "E,  !
            ^AEdi^A                                             ! ^A,  !
        |                                                       ! |,  !
            ^AInspec^A                                          ! ^A,  !
        '                                                       ! ',  !
        ^Ating file "^A                                         ! ^A,  !
        H T                                                     ! T,  !
        ^A"^M^J^A                                               ! ^A,  !
    '                                                           ! ',  !
    Z "E                                                        ! "E,  !
        Q1&2 "E                                                 ! "E,  !
            OSCOPES`                                            ! O,  !
        '                                                       ! ',  !
        ^A?How can I inspect nothing?^M^J^A                     ! ^A,  !
        ^C                                                      ! ^C,  !
        ^C                                                      ! ^C,  !
    '                                                           ! ',  !
    Q1&2 "E                                                     ! "E,  !
        J                                                       ! J,  !
        :S=`                                                    ! :S,  !
        "S                                                      ! "S,  !
            0,.-1 X0                                            ! X, 0 !
            0,. K                                               ! K,  !
            Z U0                                                ! U, 0 !
            H X2                                                ! X, 2 !
            H K                                                 ! K,  !
            Q2 :"N                                              ! :"N,  !
                :ER^EQ2`                                        ! :ER,  !
                "U                                              ! "U,  !
                    G2                                          ! G, 2 !
                    H X0                                        ! X, 0 !
                    H K                                         ! K,  !
                    ONOTFND`                                    ! O,  !
                '                                               ! ',  !
            '                                                   ! ',  !
            Q0 :"N                                              ! :"N,  !
                EW^EQ0`                                         ! EW,  !
            '                                                   ! ',  !
            Q0 "N                                               ! "N,  !
                Q1#2048 U1                                      ! U, 1 !
            '                                                   ! ',  !
            OREMEM`                                             ! O,  !
        '                                                       ! ',  !
    '                                                           ! ',  !
    H X0                                                        ! X, 0 !
    H K                                                         ! K,  !
    Q1&2 "E                                                     ! "E,  !
        :EB^EQ0`                                                ! :EB,  !
        "S                                                      ! "S,  !
            Q1#2048 U1                                          ! U, 1 !
            OREMEM`                                             ! O,  !
        '                                                       ! ',  !
        Q1&256 "N                                               ! "N,  !
            Q1&32768 "E                                         ! "E,  !
                ONOTFND`                                        ! O,  !
            '                                                   ! ',  !
        '                                                       ! ',  !
        ^A%Can't find file "^A                                  ! ^A,  !
        :G0                                                     ! :G, 0 !
        ^A"^M^J^A                                               ! ^A,  !
        Q1&32768 "E                                             ! "E,  !
            ^A%Creating new file^M^J^A                          ! ^A,  !
            OCREATE`                                            ! O,  !
        |                                                       ! |,  !
            ^A%Ignoring TECO's memory^M^J^A                     ! ^A,  !
            Q1#8192 U1                                          ! U, 1 !
            0,0 X0                                              ! X, 0 !
            OREMEM`                                             ! O,  !
        '                                                       ! ',  !
    '                                                           ! ',  !
    :ER^EQ0`                                                    ! :ER,  !
    "S                                                          ! "S,  !
        Q1#2048 U1                                              ! U, 1 !
        OSCOPES`                                                ! O,  !
    '                                                           ! ',  !
    !NOTFND!                                                    ! !,  !
    ^A?Can't find file "^A                                      ! ^A,  !
    :G0                                                         ! :G, 0 !
    ^A"?^M^J^A                                                  ! ^A,  !
    ^C                                                          ! ^C,  !
    ^C                                                          ! ^C,  !
'                                                               ! ',  !
J                                                               ! J,  !
:FSMA``                                                         ! FS,  !
"S                                                              ! "S,  !
    <                                                           ! <,  !
        0A "A                                                   ! "A,  !
            D                                                   ! D,  !
        >                                                       ! >,  !
    '                                                           ! ',  !
    :FS^ES``                                                    ! FS,  !
    J                                                           ! J,  !
    <                                                           ! <,  !
        .-Z ;                                                   ! ;,  !
        0A-9 "E                                                 ! "E,  !
            D                                                   ! D,  !
            F<                                                  ! F<,  !
        '                                                       ! ',  !
        0A-32 "E                                                ! "E,  !
            D                                                   ! D,  !
            F<                                                  ! F<,  !
        '                                                       ! ',  !
        C                                                       ! C,  !
        -1A-^^" "E                                              ! "E,  !
            :S"`                                                ! :S,  !
            "U                                                  ! "U,  !
                Z J                                             ! J,  !
            '                                                   ! ',  !
        '                                                       ! ',  !
    >                                                           ! >,  !
    Z "E                                                        ! "E,  !
        ^A?How can I MAKE nothing?^M^J^A                        ! ^A,  !
        ^C                                                      ! ^C,  !
        ^C                                                      ! ^C,  !
    '                                                           ! ',  !
    Z-4 "E                                                      ! "E,  !
        J                                                       ! J,  !
        :SLOVE`                                                 ! S,  !
        "S                                                      ! "S,  !
            ^ANot war?^M^J^A                                    ! ^A,  !
        '                                                       ! ',  !
    '                                                           ! ',  !
    H X0                                                        ! X, 0 !
    H K                                                         ! K,  !
    !CREATE!                                                    ! !,  !
    EW^EQ0`                                                     ! EW,  !
    OREMEM`                                                     ! O,  !
'                                                               ! ',  !
^A%Unrecognized command "^A                                     ! ^A,  !
H T                                                             ! T,  !
H K                                                             ! K,  !
^A"^M^J^A                                                       ! ^A,  !
OSCOPES`                                                        ! O,  !
!REMEM!                                                         ! !,  !
Q1&8192 "N                                                      ! "N,  !
    OWRITE`                                                     ! O,  !
'                                                               ! ',  !
ex                                                              ! ex,  !
